============================= test session starts =============================
platform win32 -- Python 3.9.21, pytest-7.0.1, pluggy-1.5.0
rootdir: C:\Users\pepec\Projects\Split_Sheet\Backend_API_Flask_Python, configfile: pytest.ini, testpaths: tests
plugins: cov-3.0.0
collected 42 items

tests/test_auth.py::test_register 
------------------------------- live log setup --------------------------------
2025-03-14 13:43:07 - INFO - Contexto base iniciado
2025-03-14 13:43:07 - INFO - Usando base de datos de testing: C:\Users\pepec\Projects\Split_Sheet\tests\test.db
2025-03-14 13:43:07 - INFO - Modelos registrados: ['User', 'Agreement', 'Document']
2025-03-14 13:43:07 - INFO - Tablas creadas: ['user', 'participants', 'agreement', 'document']
2025-03-14 13:43:07 - INFO - Test 'test_register' iniciando con: {'app_contexts': 1, 'request_contexts': 0, 'base_app': <Flask 'main'>}
2025-03-14 13:43:07 - INFO - Estado inicial de sesi≤n: {'is_active': True, 'in_transaction': True, 'has_changes': False}
2025-03-14 13:43:07 - INFO - Estado inicial SQLAlchemy: {'new_objects': 0, 'dirty_objects': 0, 'deleted_objects': 0, 'in_transaction': True, 'is_active': True, 'has_transaction': True}
-------------------------------- live log call --------------------------------
2025-03-14 13:43:08 - INFO - Usuario creado exitosamente: test_user
PASSED                                                                   [  2%]
------------------------------ live log teardown ------------------------------
2025-03-14 13:43:08 - INFO - Estado final SQLAlchemy: {'new_objects': 0, 'dirty_objects': 0, 'deleted_objects': 0, 'in_transaction': True, 'is_active': True, 'has_transaction': True}
2025-03-14 13:43:08 - WARNING - Detectada transacci≤n activa, intentando limpiar...
2025-03-14 13:43:08 - INFO - Estado post-limpieza: {'new_objects': 0, 'dirty_objects': 0, 'deleted_objects': 0, 'in_transaction': True, 'is_active': True, 'has_transaction': True}
2025-03-14 13:43:08 - INFO - Estado final de sesi≤n: {'is_active': True, 'in_transaction': True, 'has_changes': False}
2025-03-14 13:43:08 - WARNING - Sesi≤n activa o con cambios detectada, limpiando...

tests/test_auth.py::test_login_success 
------------------------------- live log setup --------------------------------
2025-03-14 13:43:08 - INFO - Test 'test_login_success' iniciando con: {'app_contexts': 1, 'request_contexts': 0, 'base_app': <Flask 'main'>}
2025-03-14 13:43:08 - INFO - Estado inicial de sesi≤n: {'is_active': True, 'in_transaction': True, 'has_changes': False}
2025-03-14 13:43:08 - INFO - Estado inicial SQLAlchemy: {'new_objects': 0, 'dirty_objects': 0, 'deleted_objects': 0, 'in_transaction': True, 'is_active': True, 'has_transaction': True}
2025-03-14 13:43:08 - INFO - Diagn≤stico de sesi≤n: {'connection_valid': True, 'in_transaction': True, 'is_active': True, 'autocommit': False, 'autoflush': True, 'expire_on_commit': False, 'transaction_depth': 0}
2025-03-14 13:43:08 - WARNING - NOTA: Sesi≤n comenz≤ con una transacci≤n activa. Los tests se ejecutarßn dentro de esta transacci≤n existente.
-------------------------------- live log call --------------------------------
2025-03-14 13:43:08 - INFO - Usuario creado exitosamente: login_test
2025-03-14 13:43:08 - INFO - Login exitoso para usuario: login_test
PASSED                                                                   [  4%]
------------------------------ live log teardown ------------------------------
2025-03-14 13:43:08 - INFO - Sesi≤n finalizada correctamente
2025-03-14 13:43:08 - INFO - Estado final SQLAlchemy: {'new_objects': 0, 'dirty_objects': 0, 'deleted_objects': 0, 'in_transaction': True, 'is_active': True, 'has_transaction': True}
2025-03-14 13:43:08 - WARNING - Detectada transacci≤n activa, intentando limpiar...
2025-03-14 13:43:08 - INFO - Estado post-limpieza: {'new_objects': 0, 'dirty_objects': 0, 'deleted_objects': 0, 'in_transaction': True, 'is_active': True, 'has_transaction': True}
2025-03-14 13:43:08 - INFO - Estado final de sesi≤n: {'is_active': True, 'in_transaction': True, 'has_changes': False}
2025-03-14 13:43:08 - WARNING - Sesi≤n activa o con cambios detectada, limpiando...

tests/test_auth.py::test_auth_flow 
------------------------------- live log setup --------------------------------
2025-03-14 13:43:08 - INFO - Test 'test_auth_flow' iniciando con: {'app_contexts': 1, 'request_contexts': 0, 'base_app': <Flask 'main'>}
2025-03-14 13:43:08 - INFO - Estado inicial de sesi≤n: {'is_active': True, 'in_transaction': True, 'has_changes': False}
2025-03-14 13:43:08 - INFO - Estado inicial SQLAlchemy: {'new_objects': 0, 'dirty_objects': 0, 'deleted_objects': 0, 'in_transaction': True, 'is_active': True, 'has_transaction': True}
-------------------------------- live log call --------------------------------
2025-03-14 13:43:08 - INFO - Usuario creado exitosamente: test_user
2025-03-14 13:43:08 - INFO - Login exitoso para usuario: test_user
PASSED                                                                   [  7%]
------------------------------ live log teardown ------------------------------
2025-03-14 13:43:08 - INFO - Estado final SQLAlchemy: {'new_objects': 0, 'dirty_objects': 0, 'deleted_objects': 0, 'in_transaction': True, 'is_active': True, 'has_transaction': True}
2025-03-14 13:43:08 - WARNING - Detectada transacci≤n activa, intentando limpiar...
2025-03-14 13:43:08 - INFO - Estado post-limpieza: {'new_objects': 0, 'dirty_objects': 0, 'deleted_objects': 0, 'in_transaction': True, 'is_active': True, 'has_transaction': True}
2025-03-14 13:43:08 - INFO - Estado final de sesi≤n: {'is_active': True, 'in_transaction': True, 'has_changes': False}
2025-03-14 13:43:08 - WARNING - Sesi≤n activa o con cambios detectada, limpiando...

tests/test_auth.py::test_invalid_login_format 
------------------------------- live log setup --------------------------------
2025-03-14 13:43:08 - INFO - Test 'test_invalid_login_format' iniciando con: {'app_contexts': 1, 'request_contexts': 0, 'base_app': <Flask 'main'>}
2025-03-14 13:43:08 - INFO - Estado inicial de sesi≤n: {'is_active': True, 'in_transaction': True, 'has_changes': False}
2025-03-14 13:43:08 - INFO - Estado inicial SQLAlchemy: {'new_objects': 0, 'dirty_objects': 0, 'deleted_objects': 0, 'in_transaction': True, 'is_active': True, 'has_transaction': True}
PASSED                                                                   [  9%]
------------------------------ live log teardown ------------------------------
2025-03-14 13:43:08 - INFO - Estado final SQLAlchemy: {'new_objects': 0, 'dirty_objects': 0, 'deleted_objects': 0, 'in_transaction': True, 'is_active': True, 'has_transaction': True}
2025-03-14 13:43:08 - WARNING - Detectada transacci≤n activa, intentando limpiar...
2025-03-14 13:43:08 - INFO - Estado post-limpieza: {'new_objects': 0, 'dirty_objects': 0, 'deleted_objects': 0, 'in_transaction': True, 'is_active': True, 'has_transaction': True}
2025-03-14 13:43:08 - INFO - Estado final de sesi≤n: {'is_active': True, 'in_transaction': True, 'has_changes': False}
2025-03-14 13:43:08 - WARNING - Sesi≤n activa o con cambios detectada, limpiando...

tests/test_auth.py::test_wrong_credentials 
------------------------------- live log setup --------------------------------
2025-03-14 13:43:08 - INFO - Test 'test_wrong_credentials' iniciando con: {'app_contexts': 1, 'request_contexts': 0, 'base_app': <Flask 'main'>}
2025-03-14 13:43:08 - INFO - Estado inicial de sesi≤n: {'is_active': True, 'in_transaction': True, 'has_changes': False}
2025-03-14 13:43:08 - INFO - Estado inicial SQLAlchemy: {'new_objects': 0, 'dirty_objects': 0, 'deleted_objects': 0, 'in_transaction': True, 'is_active': True, 'has_transaction': True}
2025-03-14 13:43:08 - INFO - Diagn≤stico de sesi≤n: {'connection_valid': True, 'in_transaction': True, 'is_active': True, 'autocommit': False, 'autoflush': True, 'expire_on_commit': False, 'transaction_depth': 0}
2025-03-14 13:43:08 - WARNING - NOTA: Sesi≤n comenz≤ con una transacci≤n activa. Los tests se ejecutarßn dentro de esta transacci≤n existente.
-------------------------------- live log call --------------------------------
2025-03-14 13:43:08 - INFO - Usuario creado exitosamente: test_user
2025-03-14 13:43:08 - WARNING - Intento de login fallido para usuario: nonexistent
2025-03-14 13:43:08 - WARNING - Intento de login fallido para usuario: test_user
PASSED                                                                   [ 11%]
------------------------------ live log teardown ------------------------------
2025-03-14 13:43:08 - INFO - Sesi≤n finalizada correctamente
2025-03-14 13:43:08 - INFO - Estado final SQLAlchemy: {'new_objects': 0, 'dirty_objects': 0, 'deleted_objects': 0, 'in_transaction': True, 'is_active': True, 'has_transaction': True}
2025-03-14 13:43:08 - WARNING - Detectada transacci≤n activa, intentando limpiar...
2025-03-14 13:43:08 - INFO - Estado post-limpieza: {'new_objects': 0, 'dirty_objects': 0, 'deleted_objects': 0, 'in_transaction': True, 'is_active': True, 'has_transaction': True}
2025-03-14 13:43:08 - INFO - Estado final de sesi≤n: {'is_active': True, 'in_transaction': True, 'has_changes': False}
2025-03-14 13:43:08 - WARNING - Sesi≤n activa o con cambios detectada, limpiando...

tests/test_contexts.py::test_context_count 
------------------------------- live log setup --------------------------------
2025-03-14 13:43:08 - INFO - Test 'test_context_count' iniciando con: {'app_contexts': 1, 'request_contexts': 0, 'base_app': <Flask 'main'>}
2025-03-14 13:43:08 - INFO - Estado inicial de sesi≤n: {'is_active': True, 'in_transaction': True, 'has_changes': False}
2025-03-14 13:43:08 - INFO - Estado inicial SQLAlchemy: {'new_objects': 0, 'dirty_objects': 0, 'deleted_objects': 0, 'in_transaction': True, 'is_active': True, 'has_transaction': True}
-------------------------------- live log call --------------------------------
2025-03-14 13:43:08 - INFO - Contextos iniciales: 1
2025-03-14 13:43:08 - INFO - Contextos con request: 2
2025-03-14 13:43:08 - INFO - Contextos finales: 1
PASSED                                                                   [ 14%]
------------------------------ live log teardown ------------------------------
2025-03-14 13:43:08 - INFO - Estado final SQLAlchemy: {'new_objects': 0, 'dirty_objects': 0, 'deleted_objects': 0, 'in_transaction': True, 'is_active': True, 'has_transaction': True}
2025-03-14 13:43:08 - WARNING - Detectada transacci≤n activa, intentando limpiar...
2025-03-14 13:43:08 - INFO - Estado post-limpieza: {'new_objects': 0, 'dirty_objects': 0, 'deleted_objects': 0, 'in_transaction': True, 'is_active': True, 'has_transaction': True}
2025-03-14 13:43:08 - INFO - Estado final de sesi≤n: {'is_active': True, 'in_transaction': True, 'has_changes': False}
2025-03-14 13:43:08 - WARNING - Sesi≤n activa o con cambios detectada, limpiando...

tests/test_contexts.py::test_nested_contexts 
------------------------------- live log setup --------------------------------
2025-03-14 13:43:08 - INFO - Test 'test_nested_contexts' iniciando con: {'app_contexts': 1, 'request_contexts': 0, 'base_app': <Flask 'main'>}
2025-03-14 13:43:08 - INFO - Estado inicial de sesi≤n: {'is_active': True, 'in_transaction': True, 'has_changes': False}
2025-03-14 13:43:08 - INFO - Estado inicial SQLAlchemy: {'new_objects': 0, 'dirty_objects': 0, 'deleted_objects': 0, 'in_transaction': True, 'is_active': True, 'has_transaction': True}
-------------------------------- live log call --------------------------------
2025-03-14 13:43:08 - INFO - Contextos iniciales: 1
2025-03-14 13:43:08 - INFO - Con contexto app adicional: 1
2025-03-14 13:43:08 - INFO - Con request_context a±adido: 2
2025-03-14 13:43:08 - INFO - Contextos finales: 1
PASSED                                                                   [ 16%]
------------------------------ live log teardown ------------------------------
2025-03-14 13:43:08 - INFO - Estado final SQLAlchemy: {'new_objects': 0, 'dirty_objects': 0, 'deleted_objects': 0, 'in_transaction': True, 'is_active': True, 'has_transaction': True}
2025-03-14 13:43:08 - WARNING - Detectada transacci≤n activa, intentando limpiar...
2025-03-14 13:43:08 - INFO - Estado post-limpieza: {'new_objects': 0, 'dirty_objects': 0, 'deleted_objects': 0, 'in_transaction': True, 'is_active': True, 'has_transaction': True}
2025-03-14 13:43:08 - INFO - Estado final de sesi≤n: {'is_active': True, 'in_transaction': True, 'has_changes': False}
2025-03-14 13:43:08 - WARNING - Sesi≤n activa o con cambios detectada, limpiando...

tests/test_contexts.py::test_db_session_context 
------------------------------- live log setup --------------------------------
2025-03-14 13:43:08 - INFO - Test 'test_db_session_context' iniciando con: {'app_contexts': 1, 'request_contexts': 0, 'base_app': <Flask 'main'>}
2025-03-14 13:43:08 - INFO - Estado inicial de sesi≤n: {'is_active': True, 'in_transaction': True, 'has_changes': False}
2025-03-14 13:43:08 - INFO - Estado inicial SQLAlchemy: {'new_objects': 0, 'dirty_objects': 0, 'deleted_objects': 0, 'in_transaction': True, 'is_active': True, 'has_transaction': True}
2025-03-14 13:43:09 - INFO - Diagn≤stico de sesi≤n: {'connection_valid': True, 'in_transaction': True, 'is_active': True, 'autocommit': False, 'autoflush': True, 'expire_on_commit': False, 'transaction_depth': 0}
2025-03-14 13:43:09 - WARNING - NOTA: Sesi≤n comenz≤ con una transacci≤n activa. Los tests se ejecutarßn dentro de esta transacci≤n existente.
-------------------------------- live log call --------------------------------
2025-03-14 13:43:09 - INFO - Estado inicial de sesi≤n: {'is_active': True, 'in_transaction': True, 'new_objects': 0, 'dirty_objects': 0, 'deleted_objects': 0}
2025-03-14 13:43:09 - INFO - Ejecutando consulta SQL simple...
2025-03-14 13:43:09 - INFO - Consulta ejecutada correctamente, resultado: [(1,)]
PASSED                                                                   [ 19%]
------------------------------ live log teardown ------------------------------
2025-03-14 13:43:09 - INFO - Sesi≤n finalizada correctamente
2025-03-14 13:43:09 - INFO - Estado final SQLAlchemy: {'new_objects': 0, 'dirty_objects': 0, 'deleted_objects': 0, 'in_transaction': True, 'is_active': True, 'has_transaction': True}
2025-03-14 13:43:09 - WARNING - Detectada transacci≤n activa, intentando limpiar...
2025-03-14 13:43:09 - INFO - Estado post-limpieza: {'new_objects': 0, 'dirty_objects': 0, 'deleted_objects': 0, 'in_transaction': True, 'is_active': True, 'has_transaction': True}
2025-03-14 13:43:09 - INFO - Estado final de sesi≤n: {'is_active': True, 'in_transaction': True, 'has_changes': False}
2025-03-14 13:43:09 - WARNING - Sesi≤n activa o con cambios detectada, limpiando...

tests/test_contexts.py::test_db_session_cleanup 
------------------------------- live log setup --------------------------------
2025-03-14 13:43:09 - INFO - Test 'test_db_session_cleanup' iniciando con: {'app_contexts': 1, 'request_contexts': 0, 'base_app': <Flask 'main'>}
2025-03-14 13:43:09 - INFO - Estado inicial de sesi≤n: {'is_active': True, 'in_transaction': True, 'has_changes': False}
2025-03-14 13:43:09 - INFO - Estado inicial SQLAlchemy: {'new_objects': 0, 'dirty_objects': 0, 'deleted_objects': 0, 'in_transaction': True, 'is_active': True, 'has_transaction': True}
2025-03-14 13:43:09 - INFO - Diagn≤stico de sesi≤n: {'connection_valid': True, 'in_transaction': True, 'is_active': True, 'autocommit': False, 'autoflush': True, 'expire_on_commit': False, 'transaction_depth': 0}
2025-03-14 13:43:09 - WARNING - NOTA: Sesi≤n comenz≤ con una transacci≤n activa. Los tests se ejecutarßn dentro de esta transacci≤n existente.
-------------------------------- live log call --------------------------------
2025-03-14 13:43:09 - INFO - Estado inicial de sesi≤n: {'is_active': True, 'in_transaction': True, 'new_objects': 0, 'dirty_objects': 0, 'deleted_objects': 0}
2025-03-14 13:43:09 - INFO - Ejecutando consulta SQL de prueba...
2025-03-14 13:43:09 - INFO - Estado despuΘs de operaci≤n: {'is_active': True, 'in_transaction': True, 'new_objects': 0, 'dirty_objects': 0, 'deleted_objects': 0}
PASSED                                                                   [ 21%]
------------------------------ live log teardown ------------------------------
2025-03-14 13:43:09 - INFO - Sesi≤n finalizada correctamente
2025-03-14 13:43:09 - INFO - Estado final SQLAlchemy: {'new_objects': 0, 'dirty_objects': 0, 'deleted_objects': 0, 'in_transaction': True, 'is_active': True, 'has_transaction': True}
2025-03-14 13:43:09 - WARNING - Detectada transacci≤n activa, intentando limpiar...
2025-03-14 13:43:09 - INFO - Estado post-limpieza: {'new_objects': 0, 'dirty_objects': 0, 'deleted_objects': 0, 'in_transaction': True, 'is_active': True, 'has_transaction': True}
2025-03-14 13:43:09 - INFO - Estado final de sesi≤n: {'is_active': True, 'in_transaction': True, 'has_changes': False}
2025-03-14 13:43:09 - WARNING - Sesi≤n activa o con cambios detectada, limpiando...

tests/test_database.py::test_add_user 
------------------------------- live log setup --------------------------------
2025-03-14 13:43:09 - INFO - Test 'test_add_user' iniciando con: {'app_contexts': 1, 'request_contexts': 0, 'base_app': <Flask 'main'>}
2025-03-14 13:43:09 - INFO - Estado inicial de sesi≤n: {'is_active': True, 'in_transaction': True, 'has_changes': False}
2025-03-14 13:43:09 - INFO - Estado inicial SQLAlchemy: {'new_objects': 0, 'dirty_objects': 0, 'deleted_objects': 0, 'in_transaction': True, 'is_active': True, 'has_transaction': True}
2025-03-14 13:43:09 - INFO - Diagn≤stico de sesi≤n: {'connection_valid': True, 'in_transaction': True, 'is_active': True, 'autocommit': False, 'autoflush': True, 'expire_on_commit': False, 'transaction_depth': 0}
2025-03-14 13:43:09 - WARNING - NOTA: Sesi≤n comenz≤ con una transacci≤n activa. Los tests se ejecutarßn dentro de esta transacci≤n existente.
PASSED                                                                   [ 23%]
------------------------------ live log teardown ------------------------------
2025-03-14 13:43:09 - INFO - Sesi≤n finalizada correctamente
2025-03-14 13:43:09 - INFO - Estado final SQLAlchemy: {'new_objects': 0, 'dirty_objects': 0, 'deleted_objects': 0, 'in_transaction': True, 'is_active': True, 'has_transaction': True}
2025-03-14 13:43:09 - WARNING - Detectada transacci≤n activa, intentando limpiar...
2025-03-14 13:43:09 - INFO - Estado post-limpieza: {'new_objects': 0, 'dirty_objects': 0, 'deleted_objects': 0, 'in_transaction': True, 'is_active': True, 'has_transaction': True}
2025-03-14 13:43:09 - INFO - Estado final de sesi≤n: {'is_active': True, 'in_transaction': True, 'has_changes': False}
2025-03-14 13:43:09 - WARNING - Sesi≤n activa o con cambios detectada, limpiando...

tests/test_database.py::test_add_agreement 
------------------------------- live log setup --------------------------------
2025-03-14 13:43:09 - INFO - Test 'test_add_agreement' iniciando con: {'app_contexts': 1, 'request_contexts': 0, 'base_app': <Flask 'main'>}
2025-03-14 13:43:09 - INFO - Estado inicial de sesi≤n: {'is_active': True, 'in_transaction': True, 'has_changes': False}
2025-03-14 13:43:09 - INFO - Estado inicial SQLAlchemy: {'new_objects': 0, 'dirty_objects': 0, 'deleted_objects': 0, 'in_transaction': True, 'is_active': True, 'has_transaction': True}
2025-03-14 13:43:09 - INFO - Diagn≤stico de sesi≤n: {'connection_valid': True, 'in_transaction': True, 'is_active': True, 'autocommit': False, 'autoflush': True, 'expire_on_commit': False, 'transaction_depth': 0}
2025-03-14 13:43:09 - WARNING - NOTA: Sesi≤n comenz≤ con una transacci≤n activa. Los tests se ejecutarßn dentro de esta transacci≤n existente.
PASSED                                                                   [ 26%]
------------------------------ live log teardown ------------------------------
2025-03-14 13:43:09 - INFO - Sesi≤n finalizada correctamente
2025-03-14 13:43:09 - INFO - Estado final SQLAlchemy: {'new_objects': 0, 'dirty_objects': 0, 'deleted_objects': 0, 'in_transaction': True, 'is_active': True, 'has_transaction': True}
2025-03-14 13:43:09 - WARNING - Detectada transacci≤n activa, intentando limpiar...
2025-03-14 13:43:09 - INFO - Estado post-limpieza: {'new_objects': 0, 'dirty_objects': 0, 'deleted_objects': 0, 'in_transaction': True, 'is_active': True, 'has_transaction': True}
2025-03-14 13:43:09 - INFO - Estado final de sesi≤n: {'is_active': True, 'in_transaction': True, 'has_changes': False}
2025-03-14 13:43:09 - WARNING - Sesi≤n activa o con cambios detectada, limpiando...

tests/test_database.py::test_database_constraints 
------------------------------- live log setup --------------------------------
2025-03-14 13:43:09 - INFO - Test 'test_database_constraints' iniciando con: {'app_contexts': 1, 'request_contexts': 0, 'base_app': <Flask 'main'>}
2025-03-14 13:43:09 - INFO - Estado inicial de sesi≤n: {'is_active': True, 'in_transaction': True, 'has_changes': False}
2025-03-14 13:43:09 - INFO - Estado inicial SQLAlchemy: {'new_objects': 0, 'dirty_objects': 0, 'deleted_objects': 0, 'in_transaction': True, 'is_active': True, 'has_transaction': True}
2025-03-14 13:43:09 - INFO - Diagn≤stico de sesi≤n: {'connection_valid': True, 'in_transaction': True, 'is_active': True, 'autocommit': False, 'autoflush': True, 'expire_on_commit': False, 'transaction_depth': 0}
2025-03-14 13:43:09 - WARNING - NOTA: Sesi≤n comenz≤ con una transacci≤n activa. Los tests se ejecutarßn dentro de esta transacci≤n existente.
PASSED                                                                   [ 28%]
------------------------------ live log teardown ------------------------------
2025-03-14 13:43:09 - INFO - Sesi≤n finalizada correctamente
2025-03-14 13:43:09 - INFO - Estado final SQLAlchemy: {'new_objects': 0, 'dirty_objects': 0, 'deleted_objects': 0, 'in_transaction': True, 'is_active': True, 'has_transaction': True}
2025-03-14 13:43:09 - WARNING - Detectada transacci≤n activa, intentando limpiar...
2025-03-14 13:43:09 - INFO - Estado post-limpieza: {'new_objects': 0, 'dirty_objects': 0, 'deleted_objects': 0, 'in_transaction': True, 'is_active': True, 'has_transaction': True}
2025-03-14 13:43:09 - INFO - Estado final de sesi≤n: {'is_active': True, 'in_transaction': True, 'has_changes': False}
2025-03-14 13:43:09 - WARNING - Sesi≤n activa o con cambios detectada, limpiando...

tests/test_database.py::test_database_initialization 
------------------------------- live log setup --------------------------------
2025-03-14 13:43:09 - INFO - Test 'test_database_initialization' iniciando con: {'app_contexts': 1, 'request_contexts': 0, 'base_app': <Flask 'main'>}
2025-03-14 13:43:09 - INFO - Estado inicial de sesi≤n: {'is_active': True, 'in_transaction': True, 'has_changes': False}
2025-03-14 13:43:09 - INFO - Estado inicial SQLAlchemy: {'new_objects': 0, 'dirty_objects': 0, 'deleted_objects': 0, 'in_transaction': True, 'is_active': True, 'has_transaction': True}
2025-03-14 13:43:09 - INFO - Diagn≤stico de sesi≤n: {'connection_valid': True, 'in_transaction': True, 'is_active': True, 'autocommit': False, 'autoflush': True, 'expire_on_commit': False, 'transaction_depth': 0}
2025-03-14 13:43:09 - WARNING - NOTA: Sesi≤n comenz≤ con una transacci≤n activa. Los tests se ejecutarßn dentro de esta transacci≤n existente.
PASSED                                                                   [ 30%]
------------------------------ live log teardown ------------------------------
2025-03-14 13:43:10 - INFO - Sesi≤n finalizada correctamente
2025-03-14 13:43:10 - INFO - Estado final SQLAlchemy: {'new_objects': 0, 'dirty_objects': 0, 'deleted_objects': 0, 'in_transaction': True, 'is_active': True, 'has_transaction': True}
2025-03-14 13:43:10 - WARNING - Detectada transacci≤n activa, intentando limpiar...
2025-03-14 13:43:10 - INFO - Estado post-limpieza: {'new_objects': 0, 'dirty_objects': 0, 'deleted_objects': 0, 'in_transaction': True, 'is_active': True, 'has_transaction': True}
2025-03-14 13:43:10 - INFO - Estado final de sesi≤n: {'is_active': True, 'in_transaction': True, 'has_changes': False}
2025-03-14 13:43:10 - WARNING - Sesi≤n activa o con cambios detectada, limpiando...

tests/test_docusign.py::test_send_for_signature 
------------------------------- live log setup --------------------------------
2025-03-14 13:43:10 - INFO - Test 'test_send_for_signature' iniciando con: {'app_contexts': 1, 'request_contexts': 0, 'base_app': <Flask 'main'>}
2025-03-14 13:43:10 - INFO - Estado inicial de sesi≤n: {'is_active': True, 'in_transaction': True, 'has_changes': False}
2025-03-14 13:43:10 - INFO - Estado inicial SQLAlchemy: {'new_objects': 0, 'dirty_objects': 0, 'deleted_objects': 0, 'in_transaction': True, 'is_active': True, 'has_transaction': True}
PASSED                                                                   [ 33%]
------------------------------ live log teardown ------------------------------
2025-03-14 13:43:10 - INFO - Estado final SQLAlchemy: {'new_objects': 0, 'dirty_objects': 0, 'deleted_objects': 0, 'in_transaction': True, 'is_active': True, 'has_transaction': True}
2025-03-14 13:43:10 - WARNING - Detectada transacci≤n activa, intentando limpiar...
2025-03-14 13:43:10 - INFO - Estado post-limpieza: {'new_objects': 0, 'dirty_objects': 0, 'deleted_objects': 0, 'in_transaction': True, 'is_active': True, 'has_transaction': True}
2025-03-14 13:43:10 - INFO - Estado final de sesi≤n: {'is_active': True, 'in_transaction': True, 'has_changes': False}
2025-03-14 13:43:10 - WARNING - Sesi≤n activa o con cambios detectada, limpiando...

tests/test_docusign.py::test_send_for_signature_invalid_data 
------------------------------- live log setup --------------------------------
2025-03-14 13:43:10 - INFO - Test 'test_send_for_signature_invalid_data' iniciando con: {'app_contexts': 1, 'request_contexts': 0, 'base_app': <Flask 'main'>}
2025-03-14 13:43:10 - INFO - Estado inicial de sesi≤n: {'is_active': True, 'in_transaction': True, 'has_changes': False}
2025-03-14 13:43:10 - INFO - Estado inicial SQLAlchemy: {'new_objects': 0, 'dirty_objects': 0, 'deleted_objects': 0, 'in_transaction': True, 'is_active': True, 'has_transaction': True}
PASSED                                                                   [ 35%]
------------------------------ live log teardown ------------------------------
2025-03-14 13:43:10 - INFO - Estado final SQLAlchemy: {'new_objects': 0, 'dirty_objects': 0, 'deleted_objects': 0, 'in_transaction': True, 'is_active': True, 'has_transaction': True}
2025-03-14 13:43:10 - WARNING - Detectada transacci≤n activa, intentando limpiar...
2025-03-14 13:43:10 - INFO - Estado post-limpieza: {'new_objects': 0, 'dirty_objects': 0, 'deleted_objects': 0, 'in_transaction': True, 'is_active': True, 'has_transaction': True}
2025-03-14 13:43:10 - INFO - Estado final de sesi≤n: {'is_active': True, 'in_transaction': True, 'has_changes': False}
2025-03-14 13:43:10 - WARNING - Sesi≤n activa o con cambios detectada, limpiando...

tests/test_docusign.py::test_send_for_signature_service_error 
------------------------------- live log setup --------------------------------
2025-03-14 13:43:10 - INFO - Test 'test_send_for_signature_service_error' iniciando con: {'app_contexts': 1, 'request_contexts': 0, 'base_app': <Flask 'main'>}
2025-03-14 13:43:10 - INFO - Estado inicial de sesi≤n: {'is_active': True, 'in_transaction': True, 'has_changes': False}
2025-03-14 13:43:10 - INFO - Estado inicial SQLAlchemy: {'new_objects': 0, 'dirty_objects': 0, 'deleted_objects': 0, 'in_transaction': True, 'is_active': True, 'has_transaction': True}
-------------------------------- live log call --------------------------------
2025-03-14 13:43:10 - ERROR - Error en envφo para firma: DocuSign API Error
PASSED                                                                   [ 38%]
------------------------------ live log teardown ------------------------------
2025-03-14 13:43:10 - INFO - Estado final SQLAlchemy: {'new_objects': 0, 'dirty_objects': 0, 'deleted_objects': 0, 'in_transaction': True, 'is_active': True, 'has_transaction': True}
2025-03-14 13:43:10 - WARNING - Detectada transacci≤n activa, intentando limpiar...
2025-03-14 13:43:10 - INFO - Estado post-limpieza: {'new_objects': 0, 'dirty_objects': 0, 'deleted_objects': 0, 'in_transaction': True, 'is_active': True, 'has_transaction': True}
2025-03-14 13:43:10 - INFO - Estado final de sesi≤n: {'is_active': True, 'in_transaction': True, 'has_changes': False}
2025-03-14 13:43:10 - WARNING - Sesi≤n activa o con cambios detectada, limpiando...

tests/test_docusign_auth.py::test_generate_jwt 
------------------------------- live log setup --------------------------------
2025-03-14 13:43:10 - INFO - Test 'test_generate_jwt' iniciando con: {'app_contexts': 1, 'request_contexts': 0, 'base_app': <Flask 'main'>}
2025-03-14 13:43:10 - INFO - Estado inicial de sesi≤n: {'is_active': True, 'in_transaction': True, 'has_changes': False}
2025-03-14 13:43:10 - INFO - Estado inicial SQLAlchemy: {'new_objects': 0, 'dirty_objects': 0, 'deleted_objects': 0, 'in_transaction': True, 'is_active': True, 'has_transaction': True}
PASSED                                                                   [ 40%]
------------------------------ live log teardown ------------------------------
2025-03-14 13:43:10 - INFO - Estado final SQLAlchemy: {'new_objects': 0, 'dirty_objects': 0, 'deleted_objects': 0, 'in_transaction': True, 'is_active': True, 'has_transaction': True}
2025-03-14 13:43:10 - WARNING - Detectada transacci≤n activa, intentando limpiar...
2025-03-14 13:43:10 - INFO - Estado post-limpieza: {'new_objects': 0, 'dirty_objects': 0, 'deleted_objects': 0, 'in_transaction': True, 'is_active': True, 'has_transaction': True}
2025-03-14 13:43:10 - INFO - Estado final de sesi≤n: {'is_active': True, 'in_transaction': True, 'has_changes': False}
2025-03-14 13:43:10 - WARNING - Sesi≤n activa o con cambios detectada, limpiando...

tests/test_docusign_auth.py::test_get_access_token_success 
------------------------------- live log setup --------------------------------
2025-03-14 13:43:10 - INFO - Test 'test_get_access_token_success' iniciando con: {'app_contexts': 1, 'request_contexts': 0, 'base_app': <Flask 'main'>}
2025-03-14 13:43:10 - INFO - Estado inicial de sesi≤n: {'is_active': True, 'in_transaction': True, 'has_changes': False}
2025-03-14 13:43:10 - INFO - Estado inicial SQLAlchemy: {'new_objects': 0, 'dirty_objects': 0, 'deleted_objects': 0, 'in_transaction': True, 'is_active': True, 'has_transaction': True}
PASSED                                                                   [ 42%]
------------------------------ live log teardown ------------------------------
2025-03-14 13:43:10 - INFO - Estado final SQLAlchemy: {'new_objects': 0, 'dirty_objects': 0, 'deleted_objects': 0, 'in_transaction': True, 'is_active': True, 'has_transaction': True}
2025-03-14 13:43:10 - WARNING - Detectada transacci≤n activa, intentando limpiar...
2025-03-14 13:43:10 - INFO - Estado post-limpieza: {'new_objects': 0, 'dirty_objects': 0, 'deleted_objects': 0, 'in_transaction': True, 'is_active': True, 'has_transaction': True}
2025-03-14 13:43:10 - INFO - Estado final de sesi≤n: {'is_active': True, 'in_transaction': True, 'has_changes': False}
2025-03-14 13:43:10 - WARNING - Sesi≤n activa o con cambios detectada, limpiando...

tests/test_docusign_auth.py::test_token_expiration 
------------------------------- live log setup --------------------------------
2025-03-14 13:43:10 - INFO - Test 'test_token_expiration' iniciando con: {'app_contexts': 1, 'request_contexts': 0, 'base_app': <Flask 'main'>}
2025-03-14 13:43:10 - INFO - Estado inicial de sesi≤n: {'is_active': True, 'in_transaction': True, 'has_changes': False}
2025-03-14 13:43:10 - INFO - Estado inicial SQLAlchemy: {'new_objects': 0, 'dirty_objects': 0, 'deleted_objects': 0, 'in_transaction': True, 'is_active': True, 'has_transaction': True}
PASSED                                                                   [ 45%]
------------------------------ live log teardown ------------------------------
2025-03-14 13:43:10 - INFO - Estado final SQLAlchemy: {'new_objects': 0, 'dirty_objects': 0, 'deleted_objects': 0, 'in_transaction': True, 'is_active': True, 'has_transaction': True}
2025-03-14 13:43:10 - WARNING - Detectada transacci≤n activa, intentando limpiar...
2025-03-14 13:43:10 - INFO - Estado post-limpieza: {'new_objects': 0, 'dirty_objects': 0, 'deleted_objects': 0, 'in_transaction': True, 'is_active': True, 'has_transaction': True}
2025-03-14 13:43:10 - INFO - Estado final de sesi≤n: {'is_active': True, 'in_transaction': True, 'has_changes': False}
2025-03-14 13:43:10 - WARNING - Sesi≤n activa o con cambios detectada, limpiando...

tests/test_docusign_auth.py::test_pkce_generation 
------------------------------- live log setup --------------------------------
2025-03-14 13:43:10 - INFO - Test 'test_pkce_generation' iniciando con: {'app_contexts': 1, 'request_contexts': 0, 'base_app': <Flask 'main'>}
2025-03-14 13:43:10 - INFO - Estado inicial de sesi≤n: {'is_active': True, 'in_transaction': True, 'has_changes': False}
2025-03-14 13:43:10 - INFO - Estado inicial SQLAlchemy: {'new_objects': 0, 'dirty_objects': 0, 'deleted_objects': 0, 'in_transaction': True, 'is_active': True, 'has_transaction': True}
PASSED                                                                   [ 47%]
------------------------------ live log teardown ------------------------------
2025-03-14 13:43:10 - INFO - Estado final SQLAlchemy: {'new_objects': 0, 'dirty_objects': 0, 'deleted_objects': 0, 'in_transaction': True, 'is_active': True, 'has_transaction': True}
2025-03-14 13:43:10 - WARNING - Detectada transacci≤n activa, intentando limpiar...
2025-03-14 13:43:10 - INFO - Estado post-limpieza: {'new_objects': 0, 'dirty_objects': 0, 'deleted_objects': 0, 'in_transaction': True, 'is_active': True, 'has_transaction': True}
2025-03-14 13:43:10 - INFO - Estado final de sesi≤n: {'is_active': True, 'in_transaction': True, 'has_changes': False}
2025-03-14 13:43:10 - WARNING - Sesi≤n activa o con cambios detectada, limpiando...

tests/test_docusign_auth.py::test_docusign_auth_flow 
------------------------------- live log setup --------------------------------
2025-03-14 13:43:10 - INFO - Test 'test_docusign_auth_flow' iniciando con: {'app_contexts': 1, 'request_contexts': 0, 'base_app': <Flask 'main'>}
2025-03-14 13:43:10 - INFO - Estado inicial de sesi≤n: {'is_active': True, 'in_transaction': True, 'has_changes': False}
2025-03-14 13:43:10 - INFO - Estado inicial SQLAlchemy: {'new_objects': 0, 'dirty_objects': 0, 'deleted_objects': 0, 'in_transaction': True, 'is_active': True, 'has_transaction': True}
PASSED                                                                   [ 50%]
------------------------------ live log teardown ------------------------------
2025-03-14 13:43:10 - INFO - Estado final SQLAlchemy: {'new_objects': 0, 'dirty_objects': 0, 'deleted_objects': 0, 'in_transaction': True, 'is_active': True, 'has_transaction': True}
2025-03-14 13:43:10 - WARNING - Detectada transacci≤n activa, intentando limpiar...
2025-03-14 13:43:10 - INFO - Estado post-limpieza: {'new_objects': 0, 'dirty_objects': 0, 'deleted_objects': 0, 'in_transaction': True, 'is_active': True, 'has_transaction': True}
2025-03-14 13:43:10 - INFO - Estado final de sesi≤n: {'is_active': True, 'in_transaction': True, 'has_changes': False}
2025-03-14 13:43:10 - WARNING - Sesi≤n activa o con cambios detectada, limpiando...

tests/test_docusign_callback.py::test_docusign_callback_success 
------------------------------- live log setup --------------------------------
2025-03-14 13:43:10 - INFO - Test 'test_docusign_callback_success' iniciando con: {'app_contexts': 1, 'request_contexts': 0, 'base_app': <Flask 'main'>}
2025-03-14 13:43:10 - INFO - Estado inicial de sesi≤n: {'is_active': True, 'in_transaction': True, 'has_changes': False}
2025-03-14 13:43:10 - INFO - Estado inicial SQLAlchemy: {'new_objects': 0, 'dirty_objects': 0, 'deleted_objects': 0, 'in_transaction': True, 'is_active': True, 'has_transaction': True}
-------------------------------- live log call --------------------------------
2025-03-14 13:43:10 - INFO - code_verifier vßlido por 540 segundos mßs
PASSED                                                                   [ 52%]
------------------------------ live log teardown ------------------------------
2025-03-14 13:43:10 - INFO - Estado final SQLAlchemy: {'new_objects': 0, 'dirty_objects': 0, 'deleted_objects': 0, 'in_transaction': True, 'is_active': True, 'has_transaction': True}
2025-03-14 13:43:10 - WARNING - Detectada transacci≤n activa, intentando limpiar...
2025-03-14 13:43:10 - INFO - Estado post-limpieza: {'new_objects': 0, 'dirty_objects': 0, 'deleted_objects': 0, 'in_transaction': True, 'is_active': True, 'has_transaction': True}
2025-03-14 13:43:10 - INFO - Estado final de sesi≤n: {'is_active': True, 'in_transaction': True, 'has_changes': False}
2025-03-14 13:43:10 - WARNING - Sesi≤n activa o con cambios detectada, limpiando...

tests/test_docusign_callback.py::test_docusign_callback_no_code 
------------------------------- live log setup --------------------------------
2025-03-14 13:43:10 - INFO - Test 'test_docusign_callback_no_code' iniciando con: {'app_contexts': 1, 'request_contexts': 0, 'base_app': <Flask 'main'>}
2025-03-14 13:43:10 - INFO - Estado inicial de sesi≤n: {'is_active': True, 'in_transaction': True, 'has_changes': False}
2025-03-14 13:43:10 - INFO - Estado inicial SQLAlchemy: {'new_objects': 0, 'dirty_objects': 0, 'deleted_objects': 0, 'in_transaction': True, 'is_active': True, 'has_transaction': True}
-------------------------------- live log call --------------------------------
2025-03-14 13:43:10 - ERROR - Callback sin c≤digo - Query params: {}
PASSED                                                                   [ 54%]
------------------------------ live log teardown ------------------------------
2025-03-14 13:43:10 - INFO - Estado final SQLAlchemy: {'new_objects': 0, 'dirty_objects': 0, 'deleted_objects': 0, 'in_transaction': True, 'is_active': True, 'has_transaction': True}
2025-03-14 13:43:10 - WARNING - Detectada transacci≤n activa, intentando limpiar...
2025-03-14 13:43:10 - INFO - Estado post-limpieza: {'new_objects': 0, 'dirty_objects': 0, 'deleted_objects': 0, 'in_transaction': True, 'is_active': True, 'has_transaction': True}
2025-03-14 13:43:10 - INFO - Estado final de sesi≤n: {'is_active': True, 'in_transaction': True, 'has_changes': False}
2025-03-14 13:43:10 - WARNING - Sesi≤n activa o con cambios detectada, limpiando...

tests/test_docusign_callback.py::test_docusign_callback_expired_verifier 
------------------------------- live log setup --------------------------------
2025-03-14 13:43:10 - INFO - Test 'test_docusign_callback_expired_verifier' iniciando con: {'app_contexts': 1, 'request_contexts': 0, 'base_app': <Flask 'main'>}
2025-03-14 13:43:10 - INFO - Estado inicial de sesi≤n: {'is_active': True, 'in_transaction': True, 'has_changes': False}
2025-03-14 13:43:10 - INFO - Estado inicial SQLAlchemy: {'new_objects': 0, 'dirty_objects': 0, 'deleted_objects': 0, 'in_transaction': True, 'is_active': True, 'has_transaction': True}
-------------------------------- live log call --------------------------------
2025-03-14 13:43:10 - ERROR - Error con code_verifier: code_verifier expirado
PASSED                                                                   [ 57%]
------------------------------ live log teardown ------------------------------
2025-03-14 13:43:10 - INFO - Estado final SQLAlchemy: {'new_objects': 0, 'dirty_objects': 0, 'deleted_objects': 0, 'in_transaction': True, 'is_active': True, 'has_transaction': True}
2025-03-14 13:43:10 - WARNING - Detectada transacci≤n activa, intentando limpiar...
2025-03-14 13:43:10 - INFO - Estado post-limpieza: {'new_objects': 0, 'dirty_objects': 0, 'deleted_objects': 0, 'in_transaction': True, 'is_active': True, 'has_transaction': True}
2025-03-14 13:43:10 - INFO - Estado final de sesi≤n: {'is_active': True, 'in_transaction': True, 'has_changes': False}
2025-03-14 13:43:10 - WARNING - Sesi≤n activa o con cambios detectada, limpiando...

tests/test_docusign_callback.py::test_docusign_callback_invalid_token_response 
------------------------------- live log setup --------------------------------
2025-03-14 13:43:10 - INFO - Test 'test_docusign_callback_invalid_token_response' iniciando con: {'app_contexts': 1, 'request_contexts': 0, 'base_app': <Flask 'main'>}
2025-03-14 13:43:10 - INFO - Estado inicial de sesi≤n: {'is_active': True, 'in_transaction': True, 'has_changes': False}
2025-03-14 13:43:10 - INFO - Estado inicial SQLAlchemy: {'new_objects': 0, 'dirty_objects': 0, 'deleted_objects': 0, 'in_transaction': True, 'is_active': True, 'has_transaction': True}
-------------------------------- live log call --------------------------------
2025-03-14 13:43:10 - INFO - code_verifier vßlido por 540 segundos mßs
2025-03-14 13:43:10 - ERROR - Error en intercambio de token: Error en token endpoint: Invalid grant
PASSED                                                                   [ 59%]
------------------------------ live log teardown ------------------------------
2025-03-14 13:43:10 - INFO - Estado final SQLAlchemy: {'new_objects': 0, 'dirty_objects': 0, 'deleted_objects': 0, 'in_transaction': True, 'is_active': True, 'has_transaction': True}
2025-03-14 13:43:10 - WARNING - Detectada transacci≤n activa, intentando limpiar...
2025-03-14 13:43:10 - INFO - Estado post-limpieza: {'new_objects': 0, 'dirty_objects': 0, 'deleted_objects': 0, 'in_transaction': True, 'is_active': True, 'has_transaction': True}
2025-03-14 13:43:10 - INFO - Estado final de sesi≤n: {'is_active': True, 'in_transaction': True, 'has_changes': False}
2025-03-14 13:43:10 - WARNING - Sesi≤n activa o con cambios detectada, limpiando...

tests/test_docusign_hmac.py::test_hmac_validation_success 
------------------------------- live log setup --------------------------------
2025-03-14 13:43:10 - INFO - Test 'test_hmac_validation_success' iniciando con: {'app_contexts': 1, 'request_contexts': 0, 'base_app': <Flask 'main'>}
2025-03-14 13:43:10 - INFO - Estado inicial de sesi≤n: {'is_active': True, 'in_transaction': True, 'has_changes': False}
2025-03-14 13:43:10 - INFO - Estado inicial SQLAlchemy: {'new_objects': 0, 'dirty_objects': 0, 'deleted_objects': 0, 'in_transaction': True, 'is_active': True, 'has_transaction': True}
PASSED                                                                   [ 61%]
------------------------------ live log teardown ------------------------------
2025-03-14 13:43:10 - INFO - Estado final SQLAlchemy: {'new_objects': 0, 'dirty_objects': 0, 'deleted_objects': 0, 'in_transaction': True, 'is_active': True, 'has_transaction': True}
2025-03-14 13:43:10 - WARNING - Detectada transacci≤n activa, intentando limpiar...
2025-03-14 13:43:10 - INFO - Estado post-limpieza: {'new_objects': 0, 'dirty_objects': 0, 'deleted_objects': 0, 'in_transaction': True, 'is_active': True, 'has_transaction': True}
2025-03-14 13:43:10 - INFO - Estado final de sesi≤n: {'is_active': True, 'in_transaction': True, 'has_changes': False}
2025-03-14 13:43:10 - WARNING - Sesi≤n activa o con cambios detectada, limpiando...

tests/test_docusign_hmac.py::test_hmac_validation_invalid_signature 
------------------------------- live log setup --------------------------------
2025-03-14 13:43:10 - INFO - Test 'test_hmac_validation_invalid_signature' iniciando con: {'app_contexts': 1, 'request_contexts': 0, 'base_app': <Flask 'main'>}
2025-03-14 13:43:10 - INFO - Estado inicial de sesi≤n: {'is_active': True, 'in_transaction': True, 'has_changes': False}
2025-03-14 13:43:10 - INFO - Estado inicial SQLAlchemy: {'new_objects': 0, 'dirty_objects': 0, 'deleted_objects': 0, 'in_transaction': True, 'is_active': True, 'has_transaction': True}
PASSED                                                                   [ 64%]
------------------------------ live log teardown ------------------------------
2025-03-14 13:43:10 - INFO - Estado final SQLAlchemy: {'new_objects': 0, 'dirty_objects': 0, 'deleted_objects': 0, 'in_transaction': True, 'is_active': True, 'has_transaction': True}
2025-03-14 13:43:10 - WARNING - Detectada transacci≤n activa, intentando limpiar...
2025-03-14 13:43:10 - INFO - Estado post-limpieza: {'new_objects': 0, 'dirty_objects': 0, 'deleted_objects': 0, 'in_transaction': True, 'is_active': True, 'has_transaction': True}
2025-03-14 13:43:10 - INFO - Estado final de sesi≤n: {'is_active': True, 'in_transaction': True, 'has_changes': False}
2025-03-14 13:43:10 - WARNING - Sesi≤n activa o con cambios detectada, limpiando...

tests/test_docusign_hmac.py::test_hmac_validation_integration 
------------------------------- live log setup --------------------------------
2025-03-14 13:43:10 - INFO - Test 'test_hmac_validation_integration' iniciando con: {'app_contexts': 1, 'request_contexts': 0, 'base_app': <Flask 'main'>}
2025-03-14 13:43:10 - INFO - Estado inicial de sesi≤n: {'is_active': True, 'in_transaction': True, 'has_changes': False}
2025-03-14 13:43:10 - INFO - Estado inicial SQLAlchemy: {'new_objects': 0, 'dirty_objects': 0, 'deleted_objects': 0, 'in_transaction': True, 'is_active': True, 'has_transaction': True}
PASSED                                                                   [ 66%]
------------------------------ live log teardown ------------------------------
2025-03-14 13:43:10 - INFO - Estado final SQLAlchemy: {'new_objects': 0, 'dirty_objects': 0, 'deleted_objects': 0, 'in_transaction': True, 'is_active': True, 'has_transaction': True}
2025-03-14 13:43:10 - WARNING - Detectada transacci≤n activa, intentando limpiar...
2025-03-14 13:43:10 - INFO - Estado post-limpieza: {'new_objects': 0, 'dirty_objects': 0, 'deleted_objects': 0, 'in_transaction': True, 'is_active': True, 'has_transaction': True}
2025-03-14 13:43:10 - INFO - Estado final de sesi≤n: {'is_active': True, 'in_transaction': True, 'has_changes': False}
2025-03-14 13:43:10 - WARNING - Sesi≤n activa o con cambios detectada, limpiando...

tests/test_docusign_hmac.py::test_docusign_webhook 
------------------------------- live log setup --------------------------------
2025-03-14 13:43:10 - INFO - Test 'test_docusign_webhook' iniciando con: {'app_contexts': 1, 'request_contexts': 0, 'base_app': <Flask 'main'>}
2025-03-14 13:43:10 - INFO - Estado inicial de sesi≤n: {'is_active': True, 'in_transaction': True, 'has_changes': False}
2025-03-14 13:43:10 - INFO - Estado inicial SQLAlchemy: {'new_objects': 0, 'dirty_objects': 0, 'deleted_objects': 0, 'in_transaction': True, 'is_active': True, 'has_transaction': True}
PASSED                                                                   [ 69%]
------------------------------ live log teardown ------------------------------
2025-03-14 13:43:10 - INFO - Estado final SQLAlchemy: {'new_objects': 0, 'dirty_objects': 0, 'deleted_objects': 0, 'in_transaction': True, 'is_active': True, 'has_transaction': True}
2025-03-14 13:43:10 - WARNING - Detectada transacci≤n activa, intentando limpiar...
2025-03-14 13:43:10 - INFO - Estado post-limpieza: {'new_objects': 0, 'dirty_objects': 0, 'deleted_objects': 0, 'in_transaction': True, 'is_active': True, 'has_transaction': True}
2025-03-14 13:43:10 - INFO - Estado final de sesi≤n: {'is_active': True, 'in_transaction': True, 'has_changes': False}
2025-03-14 13:43:10 - WARNING - Sesi≤n activa o con cambios detectada, limpiando...

tests/test_flask_contexts.py::test_context_count 
------------------------------- live log setup --------------------------------
2025-03-14 13:43:10 - INFO - Test 'test_context_count' iniciando con: {'app_contexts': 1, 'request_contexts': 0, 'base_app': <Flask 'main'>}
2025-03-14 13:43:10 - INFO - Estado inicial de sesi≤n: {'is_active': True, 'in_transaction': True, 'has_changes': False}
2025-03-14 13:43:10 - INFO - Estado inicial SQLAlchemy: {'new_objects': 0, 'dirty_objects': 0, 'deleted_objects': 0, 'in_transaction': True, 'is_active': True, 'has_transaction': True}
PASSED                                                                   [ 71%]
------------------------------ live log teardown ------------------------------
2025-03-14 13:43:10 - INFO - Estado final SQLAlchemy: {'new_objects': 0, 'dirty_objects': 0, 'deleted_objects': 0, 'in_transaction': True, 'is_active': True, 'has_transaction': True}
2025-03-14 13:43:10 - WARNING - Detectada transacci≤n activa, intentando limpiar...
2025-03-14 13:43:10 - INFO - Estado post-limpieza: {'new_objects': 0, 'dirty_objects': 0, 'deleted_objects': 0, 'in_transaction': True, 'is_active': True, 'has_transaction': True}
2025-03-14 13:43:10 - INFO - Estado final de sesi≤n: {'is_active': True, 'in_transaction': True, 'has_changes': False}
2025-03-14 13:43:10 - WARNING - Sesi≤n activa o con cambios detectada, limpiando...

tests/test_flask_contexts.py::test_nested_contexts 
------------------------------- live log setup --------------------------------
2025-03-14 13:43:10 - INFO - Test 'test_nested_contexts' iniciando con: {'app_contexts': 1, 'request_contexts': 0, 'base_app': <Flask 'main'>}
2025-03-14 13:43:10 - INFO - Estado inicial de sesi≤n: {'is_active': True, 'in_transaction': True, 'has_changes': False}
2025-03-14 13:43:10 - INFO - Estado inicial SQLAlchemy: {'new_objects': 0, 'dirty_objects': 0, 'deleted_objects': 0, 'in_transaction': True, 'is_active': True, 'has_transaction': True}
PASSED                                                                   [ 73%]
------------------------------ live log teardown ------------------------------
2025-03-14 13:43:10 - INFO - Estado final SQLAlchemy: {'new_objects': 0, 'dirty_objects': 0, 'deleted_objects': 0, 'in_transaction': True, 'is_active': True, 'has_transaction': True}
2025-03-14 13:43:10 - WARNING - Detectada transacci≤n activa, intentando limpiar...
2025-03-14 13:43:10 - INFO - Estado post-limpieza: {'new_objects': 0, 'dirty_objects': 0, 'deleted_objects': 0, 'in_transaction': True, 'is_active': True, 'has_transaction': True}
2025-03-14 13:43:10 - INFO - Estado final de sesi≤n: {'is_active': True, 'in_transaction': True, 'has_changes': False}
2025-03-14 13:43:10 - WARNING - Sesi≤n activa o con cambios detectada, limpiando...

tests/test_flask_contexts.py::test_db_session_context 
------------------------------- live log setup --------------------------------
2025-03-14 13:43:10 - INFO - Test 'test_db_session_context' iniciando con: {'app_contexts': 1, 'request_contexts': 0, 'base_app': <Flask 'main'>}
2025-03-14 13:43:10 - INFO - Estado inicial de sesi≤n: {'is_active': True, 'in_transaction': True, 'has_changes': False}
2025-03-14 13:43:10 - INFO - Estado inicial SQLAlchemy: {'new_objects': 0, 'dirty_objects': 0, 'deleted_objects': 0, 'in_transaction': True, 'is_active': True, 'has_transaction': True}
2025-03-14 13:43:10 - INFO - Diagn≤stico de sesi≤n: {'connection_valid': True, 'in_transaction': True, 'is_active': True, 'autocommit': False, 'autoflush': True, 'expire_on_commit': False, 'transaction_depth': 0}
2025-03-14 13:43:10 - WARNING - NOTA: Sesi≤n comenz≤ con una transacci≤n activa. Los tests se ejecutarßn dentro de esta transacci≤n existente.
-------------------------------- live log call --------------------------------
2025-03-14 13:43:10 - INFO - Ejecutando consulta SQL simple...
2025-03-14 13:43:10 - INFO - Consulta ejecutada correctamente, resultado: [(1,)]
PASSED                                                                   [ 76%]
------------------------------ live log teardown ------------------------------
2025-03-14 13:43:10 - INFO - Sesi≤n finalizada correctamente
2025-03-14 13:43:10 - INFO - Estado final SQLAlchemy: {'new_objects': 0, 'dirty_objects': 0, 'deleted_objects': 0, 'in_transaction': True, 'is_active': True, 'has_transaction': True}
2025-03-14 13:43:10 - WARNING - Detectada transacci≤n activa, intentando limpiar...
2025-03-14 13:43:10 - INFO - Estado post-limpieza: {'new_objects': 0, 'dirty_objects': 0, 'deleted_objects': 0, 'in_transaction': True, 'is_active': True, 'has_transaction': True}
2025-03-14 13:43:10 - INFO - Estado final de sesi≤n: {'is_active': True, 'in_transaction': True, 'has_changes': False}
2025-03-14 13:43:10 - WARNING - Sesi≤n activa o con cambios detectada, limpiando...

tests/test_main.py::test_example 
------------------------------- live log setup --------------------------------
2025-03-14 13:43:10 - INFO - Test 'test_example' iniciando con: {'app_contexts': 1, 'request_contexts': 0, 'base_app': <Flask 'main'>}
2025-03-14 13:43:10 - INFO - Estado inicial de sesi≤n: {'is_active': True, 'in_transaction': True, 'has_changes': False}
2025-03-14 13:43:10 - INFO - Estado inicial SQLAlchemy: {'new_objects': 0, 'dirty_objects': 0, 'deleted_objects': 0, 'in_transaction': True, 'is_active': True, 'has_transaction': True}
PASSED                                                                   [ 78%]
------------------------------ live log teardown ------------------------------
2025-03-14 13:43:10 - INFO - Estado final SQLAlchemy: {'new_objects': 0, 'dirty_objects': 0, 'deleted_objects': 0, 'in_transaction': True, 'is_active': True, 'has_transaction': True}
2025-03-14 13:43:10 - WARNING - Detectada transacci≤n activa, intentando limpiar...
2025-03-14 13:43:10 - INFO - Estado post-limpieza: {'new_objects': 0, 'dirty_objects': 0, 'deleted_objects': 0, 'in_transaction': True, 'is_active': True, 'has_transaction': True}
2025-03-14 13:43:10 - INFO - Estado final de sesi≤n: {'is_active': True, 'in_transaction': True, 'has_changes': False}
2025-03-14 13:43:10 - WARNING - Sesi≤n activa o con cambios detectada, limpiando...

tests/test_status.py::test_api_status 
------------------------------- live log setup --------------------------------
2025-03-14 13:43:10 - INFO - Test 'test_api_status' iniciando con: {'app_contexts': 1, 'request_contexts': 0, 'base_app': <Flask 'main'>}
2025-03-14 13:43:10 - INFO - Estado inicial de sesi≤n: {'is_active': True, 'in_transaction': True, 'has_changes': False}
2025-03-14 13:43:10 - INFO - Estado inicial SQLAlchemy: {'new_objects': 0, 'dirty_objects': 0, 'deleted_objects': 0, 'in_transaction': True, 'is_active': True, 'has_transaction': True}
PASSED                                                                   [ 80%]
------------------------------ live log teardown ------------------------------
2025-03-14 13:43:10 - INFO - Estado final SQLAlchemy: {'new_objects': 0, 'dirty_objects': 0, 'deleted_objects': 0, 'in_transaction': True, 'is_active': True, 'has_transaction': True}
2025-03-14 13:43:10 - WARNING - Detectada transacci≤n activa, intentando limpiar...
2025-03-14 13:43:10 - INFO - Estado post-limpieza: {'new_objects': 0, 'dirty_objects': 0, 'deleted_objects': 0, 'in_transaction': True, 'is_active': True, 'has_transaction': True}
2025-03-14 13:43:10 - INFO - Estado final de sesi≤n: {'is_active': True, 'in_transaction': True, 'has_changes': False}
2025-03-14 13:43:10 - WARNING - Sesi≤n activa o con cambios detectada, limpiando...

tests/test_status.py::test_auth_flow SKIPPED (Este test requiere una...) [ 83%]
tests/test_status.py::test_mock_auth_flow 
------------------------------- live log setup --------------------------------
2025-03-14 13:43:10 - INFO - Test 'test_mock_auth_flow' iniciando con: {'app_contexts': 1, 'request_contexts': 0, 'base_app': <Flask 'main'>}
2025-03-14 13:43:10 - INFO - Estado inicial de sesi≤n: {'is_active': True, 'in_transaction': True, 'has_changes': False}
2025-03-14 13:43:10 - INFO - Estado inicial SQLAlchemy: {'new_objects': 0, 'dirty_objects': 0, 'deleted_objects': 0, 'in_transaction': True, 'is_active': True, 'has_transaction': True}
PASSED                                                                   [ 85%]
------------------------------ live log teardown ------------------------------
2025-03-14 13:43:10 - INFO - Estado final SQLAlchemy: {'new_objects': 0, 'dirty_objects': 0, 'deleted_objects': 0, 'in_transaction': True, 'is_active': True, 'has_transaction': True}
2025-03-14 13:43:10 - WARNING - Detectada transacci≤n activa, intentando limpiar...
2025-03-14 13:43:10 - INFO - Estado post-limpieza: {'new_objects': 0, 'dirty_objects': 0, 'deleted_objects': 0, 'in_transaction': True, 'is_active': True, 'has_transaction': True}
2025-03-14 13:43:10 - INFO - Estado final de sesi≤n: {'is_active': True, 'in_transaction': True, 'has_changes': False}
2025-03-14 13:43:10 - WARNING - Sesi≤n activa o con cambios detectada, limpiando...

tests/unit/test_pdf_generation.py::test_generate_pdf 
------------------------------- live log setup --------------------------------
2025-03-14 13:43:10 - INFO - Test 'test_generate_pdf' iniciando con: {'app_contexts': 1, 'request_contexts': 0, 'base_app': <Flask 'main'>}
2025-03-14 13:43:10 - INFO - Estado inicial de sesi≤n: {'is_active': True, 'in_transaction': True, 'has_changes': False}
2025-03-14 13:43:10 - INFO - Estado inicial SQLAlchemy: {'new_objects': 0, 'dirty_objects': 0, 'deleted_objects': 0, 'in_transaction': True, 'is_active': True, 'has_transaction': True}
2025-03-14 13:43:10 - INFO - Diagn≤stico de sesi≤n: {'connection_valid': True, 'in_transaction': True, 'is_active': True, 'autocommit': False, 'autoflush': True, 'expire_on_commit': False, 'transaction_depth': 0}
2025-03-14 13:43:10 - WARNING - NOTA: Sesi≤n comenz≤ con una transacci≤n activa. Los tests se ejecutarßn dentro de esta transacci≤n existente.
-------------------------------- live log call --------------------------------
2025-03-14 13:43:10 - INFO - Login exitoso para usuario: pdf_test_20250314174310_603
2025-03-14 13:43:10 - INFO - Generando PDF para usuario: pdf_test_20250314174310_603
2025-03-14 13:43:10 - INFO - Generando PDF para usuario: pdf_test_20250314174310_603
2025-03-14 13:43:10 - INFO - PDF generado exitosamente para 'Test Song' por usuario pdf_test_20250314174310_603
PASSED                                                                   [ 88%]
------------------------------ live log teardown ------------------------------
2025-03-14 13:43:10 - INFO - Sesi≤n finalizada correctamente
2025-03-14 13:43:10 - INFO - Estado final SQLAlchemy: {'new_objects': 0, 'dirty_objects': 0, 'deleted_objects': 0, 'in_transaction': True, 'is_active': True, 'has_transaction': True}
2025-03-14 13:43:10 - WARNING - Detectada transacci≤n activa, intentando limpiar...
2025-03-14 13:43:10 - INFO - Estado post-limpieza: {'new_objects': 0, 'dirty_objects': 0, 'deleted_objects': 0, 'in_transaction': True, 'is_active': True, 'has_transaction': True}
2025-03-14 13:43:10 - INFO - Estado final de sesi≤n: {'is_active': True, 'in_transaction': True, 'has_changes': False}
2025-03-14 13:43:10 - WARNING - Sesi≤n activa o con cambios detectada, limpiando...

tests/unit/test_pdf_generation.py::test_generate_pdf_invalid_data 
------------------------------- live log setup --------------------------------
2025-03-14 13:43:10 - INFO - Test 'test_generate_pdf_invalid_data' iniciando con: {'app_contexts': 1, 'request_contexts': 0, 'base_app': <Flask 'main'>}
2025-03-14 13:43:10 - INFO - Estado inicial de sesi≤n: {'is_active': True, 'in_transaction': True, 'has_changes': False}
2025-03-14 13:43:10 - INFO - Estado inicial SQLAlchemy: {'new_objects': 0, 'dirty_objects': 0, 'deleted_objects': 0, 'in_transaction': True, 'is_active': True, 'has_transaction': True}
2025-03-14 13:43:10 - INFO - Diagn≤stico de sesi≤n: {'connection_valid': True, 'in_transaction': True, 'is_active': True, 'autocommit': False, 'autoflush': True, 'expire_on_commit': False, 'transaction_depth': 0}
2025-03-14 13:43:10 - WARNING - NOTA: Sesi≤n comenz≤ con una transacci≤n activa. Los tests se ejecutarßn dentro de esta transacci≤n existente.
-------------------------------- live log call --------------------------------
2025-03-14 13:43:10 - INFO - Usuario creado: pdf_invalid_20250314174310_435 (len=30)
2025-03-14 13:43:10 - INFO - Login exitoso para usuario: pdf_invalid_20250314174310_435
2025-03-14 13:43:10 - INFO - Generando PDF para usuario: pdf_invalid_20250314174310_435
2025-03-14 13:43:10 - INFO - Generando PDF para usuario: pdf_invalid_20250314174310_435
2025-03-14 13:43:10 - ERROR - Campos faltantes: ['participants', 'metadata']
PASSED                                                                   [ 90%]
------------------------------ live log teardown ------------------------------
2025-03-14 13:43:10 - INFO - Sesi≤n finalizada correctamente
2025-03-14 13:43:10 - INFO - Estado final SQLAlchemy: {'new_objects': 0, 'dirty_objects': 0, 'deleted_objects': 0, 'in_transaction': True, 'is_active': True, 'has_transaction': True}
2025-03-14 13:43:10 - WARNING - Detectada transacci≤n activa, intentando limpiar...
2025-03-14 13:43:10 - INFO - Estado post-limpieza: {'new_objects': 0, 'dirty_objects': 0, 'deleted_objects': 0, 'in_transaction': True, 'is_active': True, 'has_transaction': True}
2025-03-14 13:43:10 - INFO - Estado final de sesi≤n: {'is_active': True, 'in_transaction': True, 'has_changes': False}
2025-03-14 13:43:10 - WARNING - Sesi≤n activa o con cambios detectada, limpiando...

tests/unit/test_pdf_generation.py::test_generate_pdf_unauthorized 
------------------------------- live log setup --------------------------------
2025-03-14 13:43:10 - INFO - Test 'test_generate_pdf_unauthorized' iniciando con: {'app_contexts': 1, 'request_contexts': 0, 'base_app': <Flask 'main'>}
2025-03-14 13:43:10 - INFO - Estado inicial de sesi≤n: {'is_active': True, 'in_transaction': True, 'has_changes': False}
2025-03-14 13:43:10 - INFO - Estado inicial SQLAlchemy: {'new_objects': 0, 'dirty_objects': 0, 'deleted_objects': 0, 'in_transaction': True, 'is_active': True, 'has_transaction': True}
PASSED                                                                   [ 92%]
------------------------------ live log teardown ------------------------------
2025-03-14 13:43:10 - INFO - Estado final SQLAlchemy: {'new_objects': 0, 'dirty_objects': 0, 'deleted_objects': 0, 'in_transaction': True, 'is_active': True, 'has_transaction': True}
2025-03-14 13:43:10 - WARNING - Detectada transacci≤n activa, intentando limpiar...
2025-03-14 13:43:10 - INFO - Estado post-limpieza: {'new_objects': 0, 'dirty_objects': 0, 'deleted_objects': 0, 'in_transaction': True, 'is_active': True, 'has_transaction': True}
2025-03-14 13:43:10 - INFO - Estado final de sesi≤n: {'is_active': True, 'in_transaction': True, 'has_changes': False}
2025-03-14 13:43:10 - WARNING - Sesi≤n activa o con cambios detectada, limpiando...

tests/unit/test_pdf_generation.py::test_generate_pdf_invalid_token 
------------------------------- live log setup --------------------------------
2025-03-14 13:43:10 - INFO - Test 'test_generate_pdf_invalid_token' iniciando con: {'app_contexts': 1, 'request_contexts': 0, 'base_app': <Flask 'main'>}
2025-03-14 13:43:10 - INFO - Estado inicial de sesi≤n: {'is_active': True, 'in_transaction': True, 'has_changes': False}
2025-03-14 13:43:10 - INFO - Estado inicial SQLAlchemy: {'new_objects': 0, 'dirty_objects': 0, 'deleted_objects': 0, 'in_transaction': True, 'is_active': True, 'has_transaction': True}
-------------------------------- live log call --------------------------------
2025-03-14 13:43:10 - ERROR - Error en autenticaci≤n: Invalid header string: 'utf-8' codec can't decode byte 0x8a in position 0: invalid start byte
2025-03-14 13:43:10 - INFO - Test de token invßlido completado exitosamente
PASSED                                                                   [ 95%]
------------------------------ live log teardown ------------------------------
2025-03-14 13:43:10 - INFO - Estado final SQLAlchemy: {'new_objects': 0, 'dirty_objects': 0, 'deleted_objects': 0, 'in_transaction': True, 'is_active': True, 'has_transaction': True}
2025-03-14 13:43:10 - WARNING - Detectada transacci≤n activa, intentando limpiar...
2025-03-14 13:43:10 - INFO - Estado post-limpieza: {'new_objects': 0, 'dirty_objects': 0, 'deleted_objects': 0, 'in_transaction': True, 'is_active': True, 'has_transaction': True}
2025-03-14 13:43:10 - INFO - Estado final de sesi≤n: {'is_active': True, 'in_transaction': True, 'has_changes': False}
2025-03-14 13:43:10 - WARNING - Sesi≤n activa o con cambios detectada, limpiando...

tests/unit/test_pdf_generation.py::test_generate_pdf_valid_token 
------------------------------- live log setup --------------------------------
2025-03-14 13:43:10 - INFO - Test 'test_generate_pdf_valid_token' iniciando con: {'app_contexts': 1, 'request_contexts': 0, 'base_app': <Flask 'main'>}
2025-03-14 13:43:10 - INFO - Estado inicial de sesi≤n: {'is_active': True, 'in_transaction': True, 'has_changes': False}
2025-03-14 13:43:10 - INFO - Estado inicial SQLAlchemy: {'new_objects': 0, 'dirty_objects': 0, 'deleted_objects': 0, 'in_transaction': True, 'is_active': True, 'has_transaction': True}
2025-03-14 13:43:11 - INFO - Login exitoso para usuario: test_user
-------------------------------- live log call --------------------------------
2025-03-14 13:43:11 - INFO - Generando PDF para usuario: test_user
2025-03-14 13:43:11 - INFO - Generando PDF para usuario: test_user
2025-03-14 13:43:11 - INFO - PDF generado exitosamente para 'Valid Token Test' por usuario test_user
2025-03-14 13:43:11 - INFO - Test con token vßlido completado exitosamente
PASSED                                                                   [ 97%]
------------------------------ live log teardown ------------------------------
2025-03-14 13:43:11 - INFO - Estado final SQLAlchemy: {'new_objects': 0, 'dirty_objects': 0, 'deleted_objects': 0, 'in_transaction': True, 'is_active': True, 'has_transaction': True}
2025-03-14 13:43:11 - WARNING - Detectada transacci≤n activa, intentando limpiar...
2025-03-14 13:43:11 - INFO - Estado post-limpieza: {'new_objects': 0, 'dirty_objects': 0, 'deleted_objects': 0, 'in_transaction': True, 'is_active': True, 'has_transaction': True}
2025-03-14 13:43:11 - INFO - Estado final de sesi≤n: {'is_active': True, 'in_transaction': True, 'has_changes': False}
2025-03-14 13:43:11 - WARNING - Sesi≤n activa o con cambios detectada, limpiando...

tests/unit/test_pdf_generation.py::test_pdf_content_structure 
------------------------------- live log setup --------------------------------
2025-03-14 13:43:11 - INFO - Test 'test_pdf_content_structure' iniciando con: {'app_contexts': 1, 'request_contexts': 0, 'base_app': <Flask 'main'>}
2025-03-14 13:43:11 - INFO - Estado inicial de sesi≤n: {'is_active': True, 'in_transaction': True, 'has_changes': False}
2025-03-14 13:43:11 - INFO - Estado inicial SQLAlchemy: {'new_objects': 0, 'dirty_objects': 0, 'deleted_objects': 0, 'in_transaction': True, 'is_active': True, 'has_transaction': True}
2025-03-14 13:43:11 - INFO - Diagn≤stico de sesi≤n: {'connection_valid': True, 'in_transaction': True, 'is_active': True, 'autocommit': False, 'autoflush': True, 'expire_on_commit': False, 'transaction_depth': 0}
2025-03-14 13:43:11 - WARNING - NOTA: Sesi≤n comenz≤ con una transacci≤n activa. Los tests se ejecutarßn dentro de esta transacci≤n existente.
-------------------------------- live log call --------------------------------
2025-03-14 13:43:11 - INFO - Login exitoso para usuario: pdf_content_20250314174311_186
2025-03-14 13:43:11 - INFO - Generando PDF para usuario: pdf_content_20250314174311_186
2025-03-14 13:43:11 - INFO - Generando PDF para usuario: pdf_content_20250314174311_186
2025-03-14 13:43:11 - INFO - PDF generado exitosamente para 'Content Test Song' por usuario pdf_content_20250314174311_186
PASSED                                                                   [100%]
------------------------------ live log teardown ------------------------------
2025-03-14 13:43:11 - INFO - Sesi≤n finalizada correctamente
2025-03-14 13:43:11 - INFO - Estado final SQLAlchemy: {'new_objects': 0, 'dirty_objects': 0, 'deleted_objects': 0, 'in_transaction': True, 'is_active': True, 'has_transaction': True}
2025-03-14 13:43:11 - WARNING - Detectada transacci≤n activa, intentando limpiar...
2025-03-14 13:43:11 - INFO - Estado post-limpieza: {'new_objects': 0, 'dirty_objects': 0, 'deleted_objects': 0, 'in_transaction': True, 'is_active': True, 'has_transaction': True}
2025-03-14 13:43:11 - INFO - Estado final de sesi≤n: {'is_active': True, 'in_transaction': True, 'has_changes': False}
2025-03-14 13:43:11 - WARNING - Sesi≤n activa o con cambios detectada, limpiando...
2025-03-14 13:43:11 - INFO - Base de datos de testing limpiada y eliminada
2025-03-14 13:43:11 - INFO - Limpiando contexto base


================== 41 passed, 1 skipped, 6 warnings in 3.68s ==================
